// Jest Snapshot v1, https://goo.gl/fbAQLP

exports[`renders the UI as expected 1`] = `
<ul>
  <li>
    <p>
      Section content
    </p>
  </li>
</ul>
`;
